Hello from Tier!

LET: let
COLON: :
I8: i8
U8: u8
I16: i16
U16: u16
I32: i32
U32: u32
I64: i64
U64: u64
F32: f32
F64: f64
IDENTIFIER: x
LBRAC: {
IDENTIFIER: x
RBRAC: }
LPARA: (
RPARA: )
EQUAL: =
+: +
-: -
*: *
/: /
PRINT: print
HASHTAG: #
set: set
enforce: enforce
infer: infer
on: on
instead: instead
typegroup: typegroup
IDENTIFIER: x

End!