Hello from Tier!

let declaration: let
identifier: x
":": :
i32: i32
"=": =
"(": (
identifier: x
"+": +
"(": (
integer literal: 3
"*": *
identifier: z
")": )
")": )
let declaration: let
identifier: x
":": :
i64: i64
"=": =
"(": (
"(": (
integer literal: 72
")": )
"+": +
"(": (
identifier: y
"*": *
integer literal: 2
")": )
")": )
let declaration: let
identifier: x
":": :
i32: i32
"=": =
"(": (
identifier: x
"+": +
"(": (
integer literal: 3
"*": *
identifier: z
")": )
")": )
let declaration: let
identifier: x
":": :
i64: i64
"=": =
"(": (
"(": (
integer literal: 72
")": )
"+": +
"(": (
identifier: y
"*": *
integer literal: 2
")": )
")": )

End!