Hello from Tier

LET: let
IDENTIFIER: x
COLON: :
I32: i32
EQUAL: =
LPARA: (
IDENTIFIER: x
+: +
LPARA: (
INT: 3
*: *
IDENTIFIER: z
RPARA: )
RPARA: )
type: i32
+
  x
  *
    3
    z
LET: let
IDENTIFIER: x
COLON: :
I64: i64
EQUAL: =
LPARA: (
LPARA: (
INT: 72
RPARA: )
+: +
LPARA: (
IDENTIFIER: y
*: *
INT: 2
RPARA: )
RPARA: )
type: i64
+
  72
  *
    y
    2
LET: let
IDENTIFIER: x
COLON: :
I32: i32
EQUAL: =
LPARA: (
IDENTIFIER: x
+: +
LPARA: (
INT: 3
*: *
IDENTIFIER: z
RPARA: )
RPARA: )
type: i32
+
  x
  *
    3
    z
LET: let
IDENTIFIER: x
COLON: :
I64: i64
EQUAL: =
LPARA: (
LPARA: (
INT: 72
RPARA: )
+: +
LPARA: (
IDENTIFIER: y
*: *
INT: 2
RPARA: )
RPARA: )
type: i64
+
  72
  *
    y
    2